// Jest Snapshot v1, https://goo.gl/fbAQLP

exports[`snapshot Form renders with empty props 1`] = `
<nav
  className="navbar navbar-dark fixed-top custom-style"
>
  <div
    className="container-fluid"
  >
    <svg
      className="menu-style"
      color="#fff"
      fill="currentColor"
      height={35}
      stroke="currentColor"
      strokeWidth="0"
      style={
        Object {
          "color": "#fff",
        }
      }
      viewBox="0 0 1024 1024"
      width={35}
      xmlns="http://www.w3.org/2000/svg"
    >
      <path
        d="M904 160H120c-4.4 0-8 3.6-8 8v64c0 4.4 3.6 8 8 8h784c4.4 0 8-3.6 8-8v-64c0-4.4-3.6-8-8-8zm0 624H120c-4.4 0-8 3.6-8 8v64c0 4.4 3.6 8 8 8h784c4.4 0 8-3.6 8-8v-64c0-4.4-3.6-8-8-8zm0-312H120c-4.4 0-8 3.6-8 8v64c0 4.4 3.6 8 8 8h784c4.4 0 8-3.6 8-8v-64c0-4.4-3.6-8-8-8z"
      />
    </svg>
    <img
      alt="logo"
      className="d-inline-block align-top"
      height="48"
      src="logo.png"
      width="48"
    />
  </div>
</nav>
`;
